<html>
<body>
<pre>
<h1>�Vision Build Log</h1>
<h2>Tool Versions:</h2>
IDE-Version: ��Vision V5.24.2.0
Copyright (C) 2017 ARM Ltd and ARM Germany GmbH. All rights reserved.
License Information: 123 xiaohui, HP Inc., LIC=32B1Q-N6V0D-GKGBG-V67I0-K3DTC-F1MJM
 
Tool Versions:
Toolchain:       MDK-ARM Plus  Version: 5.24.1
Toolchain Path:  D:\Keil_v5\ARM\ARMCC\Bin
C Compiler:      Armcc.exe V5.06 update 5 (build 528)
Assembler:       Armasm.exe V5.06 update 5 (build 528)
Linker/Locator:  ArmLink.exe V5.06 update 5 (build 528)
Library Manager: ArmAr.exe V5.06 update 5 (build 528)
Hex Converter:   FromElf.exe V5.06 update 5 (build 528)
CPU DLL:         SARMCM3.DLL V5.24.1
Dialog DLL:      DCM.DLL V1.16.0.0
Target DLL:      STLink\ST-LINKIII-KEIL_SWO.dll V3.0.1.0
Dialog DLL:      TCM.DLL V1.32.0.0
 
<h2>Project:</h2>
I:\ARM\BySheji3\MDK-ARM\BySheji3.uvprojx
Project File Date:  03/20/2025

<h2>Output:</h2>
*** Using Compiler 'V5.06 update 5 (build 528)', folder: 'D:\Keil_v5\ARM\ARMCC\Bin'
Build target 'BySheji3'
compiling main.c...
..\oled\oled.h(20): warning:  #1-D: last line of file ends without a newline
  #endif
../Core/Src/main.c(123): warning:  #223-D: function "ESP8266_Init" declared implicitly
    ESP8266_Init(); // 初始化ESP8266模块，连接WIFI
../Core/Src/main.c(124): warning:  #223-D: function "ESP8266_ConfigMQTT" declared implicitly
    ESP8266_ConfigMQTT(); // 配置MQTT连接
../Core/Src/main.c(125): warning:  #223-D: function "ESP8266_ConnectMQTT" declared implicitly
    ESP8266_ConnectMQTT(); // 连接MQTT服务�?
../Core/Src/main.c(126): warning:  #223-D: function "ESP8266_SubscribeTopic" declared implicitly
    ESP8266_SubscribeTopic(); // 订阅主题
../Core/Src/main.c(127): warning:  #223-D: function "ESP8266_PublishMessage" declared implicitly
    ESP8266_PublishMessage(); // 发布测试消息 
../Core/Src/main.c(144): warning:  #223-D: function "ESP8266_PublishDHT11Data" declared implicitly
        ESP8266_PublishDHT11Data(temperature, temperature_decimal, humidity);
../Core/Src/main.c: 7 warnings, 0 errors
linking...
Program Size: Code=10634 RO-data=4014 RW-data=72 ZI-data=1936  
FromELF: creating hex file...
"BySheji3\BySheji3.axf" - 0 Error(s), 7 Warning(s).

<h2>Software Packages used:</h2>

Package Vendor: ARM
                http://www.keil.com/pack/ARM.CMSIS.5.0.1.pack
                ARM.CMSIS.5.0.1
                CMSIS (Cortex Microcontroller Software Interface Standard)
   * Component: CORE Version: 5.0.1

Package Vendor: Keil
                https://www.keil.com/pack/Keil.STM32F4xx_DFP.2.17.1.pack
                Keil.STM32F4xx_DFP.2.17.1
                STMicroelectronics STM32F4 Series Device Support, Drivers and Examples

<h2>Collection of Component include folders:</h2>
  .\RTE\_BySheji3
  D:\Keil_v5\ARM\PACK\ARM\CMSIS\5.0.1\CMSIS\Include
  D:\Keil_v5\ARM\PACK\Keil\STM32F4xx_DFP\2.17.1\Drivers\CMSIS\Device\ST\STM32F4xx\Include

<h2>Collection of Component Files used:</h2>

   * Component: ARM::CMSIS:CORE:5.0.1
Build Time Elapsed:  00:00:02
</pre>
</body>
</html>
